[www.cpsgaya.edu.in/index.html]
[www.cpsgaya.edu.in/images/favicon.ico]
[backblue.gif]
[fade.gif]
[index.html]
[www.cpsgaya.edu.in/css/reset.css]
[www.cpsgaya.edu.in/css/fonts.css]
[www.cpsgaya.edu.in/css/bootstrap.min.css]
[www.cpsgaya.edu.in/css/select2.min.css]
[www.cpsgaya.edu.in/css/font-awesome.min.css]
[www.cpsgaya.edu.in/css/magnific-popup.css]
[www.cpsgaya.edu.in/css/iconmoon.css]
[www.cpsgaya.edu.in/css/owl.carousel.min.css]
[www.cpsgaya.edu.in/css/animate.css]
[www.cpsgaya.edu.in/css/custom.css]
[www.cpsgaya.edu.in/css/photo-sphere-viewer.min.css]
[www.cpsgaya.edu.in/js/three.min.js]
[www.cpsgaya.edu.in/js/CanvasRenderer.js]
[www.cpsgaya.edu.in/js/Projector.js]
[www.cpsgaya.edu.in/js/photo-sphere-viewer.min.js]
[www.cpsgaya.edu.in/home.html]
[www.cpsgaya.edu.in/login-tc.html]
[www.cpsgaya.edu.in/downloads.html]
[www.cpsgaya.edu.in/events.html]
[www.cpsgaya.edu.in/contact-us.html]
[www.cpsgaya.edu.in/images/logo3.png]
[www.cpsgaya.edu.in/about-us.html]
[www.cpsgaya.edu.in/infrastructure.html]
[www.cpsgaya.edu.in/vision-mission.html]
[www.cpsgaya.edu.in/mandatory-public-disclousre.html]
[www.cpsgaya.edu.in/managing-committee.html]
[www.cpsgaya.edu.in/director-message.html]
[www.cpsgaya.edu.in/principals-message.html]
[www.cpsgaya.edu.in/admission-procedure.html]
[www.cpsgaya.edu.in/rules-regulation.html]
[www.cpsgaya.edu.in/admission-notice.html]
[www.cpsgaya.edu.in/feeStructureNur.html]
[www.cpsgaya.edu.in/teacher-list.html]
[www.cpsgaya.edu.in/result.html]
[www.cpsgaya.edu.in/holiday-calendar.html]
[www.cpsgaya.edu.in/academic-calendar.html]
[www.cpsgaya.edu.in/syllabus.html]
[www.cpsgaya.edu.in/library.html]
[www.cpsgaya.edu.in/computer-lab.html]
[www.cpsgaya.edu.in/smart-class.html]
[www.cpsgaya.edu.in/laboratory.html]
[www.cpsgaya.edu.in/transport.html]
[www.cpsgaya.edu.in/art-craft.html]
[www.cpsgaya.edu.in/cultural.html]
[www.cpsgaya.edu.in/sports.html]
[www.cpsgaya.edu.in/gallery-category.html]
[www.cpsgaya.edu.in/media-gallery.html]
[www.cpsgaya.edu.in/images/new.gif]
[www.cpsgaya.edu.in/images/Prospectus.pdf]
[www.cpsgaya.edu.in/images/apply-online-ico.png]
[www.cpsgaya.edu.in/images/prospects-ico.png]
[www.cpsgaya.edu.in/images/Prospectus_2020-21.pdf]
[www.cpsgaya.edu.in/images/Prospectus_2021-22.pdf]
[www.cpsgaya.edu.in/images/certification-ico.png]
[www.cpsgaya.edu.in/notice-and-notifications.html]
[www.cpsgaya.edu.in/images/icon1.png]
[www.cpsgaya.edu.in/images/icon2.png]
[www.cpsgaya.edu.in/images/icon3.png]
[www.cpsgaya.edu.in/images/icon4.png]
[www.cpsgaya.edu.in/images/icon5.png]
[www.cpsgaya.edu.in/images/icon6.png]
[www.cpsgaya.edu.in/upcoming-events.html]
[www.cpsgaya.edu.in/images/tour2.jpg]
[www.cpsgaya.edu.in/images/tour3.jpg]
[www.cpsgaya.edu.in/images/tour4.jpg]
[www.cpsgaya.edu.in/images/tour5.jpg]
[www.cpsgaya.edu.in/images/tour6.jpg]
[www.cpsgaya.edu.in/images/tour7.jpg]
[www.cpsgaya.edu.in/images/tour8.jpg]
[www.cpsgaya.edu.in/images/tour9.jpg]
[www.cpsgaya.edu.in/images/tour10.jpg]
[www.cpsgaya.edu.in/images/tour12.jpg]
[www.cpsgaya.edu.in/images/gallery/annual-function-33thumbnail33.jpg]
[www.cpsgaya.edu.in/images/gallery/annual-function-34thumbnail34.jpg]
[www.cpsgaya.edu.in/images/gallery/annual-function-35thumbnail35.jpg]
[www.cpsgaya.edu.in/images/gallery/annual-function-36thumbnail36.jpg]
[www.cpsgaya.edu.in/images/gallery/annual-function-37thumbnail37.jpg]
[www.cpsgaya.edu.in/images/gallery/annual-function-38thumbnail38.jpg]
[www.cpsgaya.edu.in/images/gallery/annual-function-39thumbnail39.jpg]
[www.cpsgaya.edu.in/images/gallery/annual-function-40thumbnail40.jpg]
[www.cpsgaya.edu.in/images/gallery/annual-function-41thumbnail41.jpg]
[www.cpsgaya.edu.in/js/jquery.min.js]
[www.cpsgaya.edu.in/js/bootstrap.min.js]
[www.cpsgaya.edu.in/js/select2.min.js]
[www.cpsgaya.edu.in/js/matchHeight-min.js]
[www.cpsgaya.edu.in/js/bxslider.min.js]
[www.cpsgaya.edu.in/js/waypoints.min.js]
[www.cpsgaya.edu.in/js/counterup.min.js]
[www.cpsgaya.edu.in/js/magnific-popup.min.js]
[www.cpsgaya.edu.in/js/owl.carousel.min.js]
[www.cpsgaya.edu.in/js/modernizr.custom.js]
[www.cpsgaya.edu.in/js/custom.js]
[www.cpsgaya.edu.in/index.html]
[www.cpsgaya.edu.in/css/reset.css]
[www.cpsgaya.edu.in/fonts/texgyreadventor-bold-webfont.woff]
[www.cpsgaya.edu.in/fonts/texgyreadventor-regular-webfont.woff]
[www.cpsgaya.edu.in/css/fonts.css]
[www.cpsgaya.edu.in/fonts/glyphicons-halflings-regular.eot]
[www.cpsgaya.edu.in/fonts/glyphicons-halflings-regulard41d.eot]
[www.cpsgaya.edu.in/fonts/glyphicons-halflings-regular.ttf]
[www.cpsgaya.edu.in/css/bootstrap.min.css]
[www.cpsgaya.edu.in/css/select2.min.css]
[www.cpsgaya.edu.in/fonts/fontawesome-webfont3e6e.eot]
[www.cpsgaya.edu.in/fonts/fontawesome-webfontd41d.eot]
[www.cpsgaya.edu.in/fonts/fontawesome-webfont3e6e.woff]
[www.cpsgaya.edu.in/fonts/fontawesome-webfont3e6e.ttf]
[www.cpsgaya.edu.in/css/font-awesome.min.css]
[www.cpsgaya.edu.in/css/magnific-popup.css]
[www.cpsgaya.edu.in/fonts/icomoon9b2d.eot]
[www.cpsgaya.edu.in/fonts/icomoon9b2d.ttf]
[www.cpsgaya.edu.in/fonts/icomoon9b2d.woff]
[www.cpsgaya.edu.in/css/iconmoon.css]
[www.cpsgaya.edu.in/css/owl.carousel.min.css]
[www.cpsgaya.edu.in/css/animate.css]
[www.cpsgaya.edu.in/images/banner1.jpg]
[www.cpsgaya.edu.in/images/banner2.jpg]
[www.cpsgaya.edu.in/images/banner3.jpg]
[www.cpsgaya.edu.in/images/about-bg.jpg]
[www.cpsgaya.edu.in/images/cources-bg.jpg]
[www.cpsgaya.edu.in/images/book-bg.png]
[www.cpsgaya.edu.in/images/why-choose-bg.jpg]
[www.cpsgaya.edu.in/images/popup-arrows.png]
[www.cpsgaya.edu.in/images/popup-close.png]
[www.cpsgaya.edu.in/images/testimonial-bg.jpg]
[www.cpsgaya.edu.in/images/about-video-bg.jpg]
[www.cpsgaya.edu.in/images/popup-close-btn.jpg]
[www.cpsgaya.edu.in/images/inner-banner-bg.jpg]
[www.cpsgaya.edu.in/images/cources-bg1.jpg]
[www.cpsgaya.edu.in/images/teacher-overlay-bg.png]
[www.cpsgaya.edu.in/images/teacher-overlay-bg-grey.png]
[www.cpsgaya.edu.in/images/teacher-overlay-bg-tab.png]
[www.cpsgaya.edu.in/images/dotted-arrow.png]
[www.cpsgaya.edu.in/images/dotted-arrow1.png]
[www.cpsgaya.edu.in/images/404-img.png]
[www.cpsgaya.edu.in/images/login-bg.jpg]
[www.cpsgaya.edu.in/images/testi-clip.png]
[www.cpsgaya.edu.in/css/custom.css]
[www.cpsgaya.edu.in/css/photo-sphere-viewer.min.css]
[www.cpsgaya.edu.in/home.html]
[www.cpsgaya.edu.in/WebResource7537.js]
[www.cpsgaya.edu.in/WebResourcec5c0.js]
[www.cpsgaya.edu.in/login-tc.html]
[www.cpsgaya.edu.in/images/download1/132.pdf]
[www.cpsgaya.edu.in/images/download1/131.pdf]
[www.cpsgaya.edu.in/images/download1/130.pdf]
[www.cpsgaya.edu.in/images/download1/129.pdf]
[www.cpsgaya.edu.in/downloads.html]
[www.cpsgaya.edu.in/ScriptResourcedabc.js]
[www.cpsgaya.edu.in/ScriptResourcea4c7.js]
[www.cpsgaya.edu.in/events.html]
[www.cpsgaya.edu.in/images/apply-online-sm-ico.png]
[www.cpsgaya.edu.in/contact-us.html]
[www.cpsgaya.edu.in/images/who-we-are-img.jpg]
[www.cpsgaya.edu.in/about-us.html]
[www.cpsgaya.edu.in/images/new-event-img1.jpg]
[www.cpsgaya.edu.in/images/new-event-img2.jpg]
[www.cpsgaya.edu.in/images/new-event-img3.jpg]
[www.cpsgaya.edu.in/images/new-event-img4.jpg]
[www.cpsgaya.edu.in/images/new-event-img5.jpg]
[www.cpsgaya.edu.in/images/new-event-img6.jpg]
[www.cpsgaya.edu.in/infrastructure.html]
[www.cpsgaya.edu.in/vision-mission.html]
[www.cpsgaya.edu.in/images/Extension-Letter.pdf]
[www.cpsgaya.edu.in/images/Society-Trust-Registration.pdf]
[www.cpsgaya.edu.in/images/No-Objection-Certificate.pdf]
[www.cpsgaya.edu.in/images/Building-Safety-Certificate.pdf]
[www.cpsgaya.edu.in/images/DEO-CERTIFICATE.pdf]
[www.cpsgaya.edu.in/images/Sanitation-Certificate.pdf]
[www.cpsgaya.edu.in/images/Fee-Structure.pdf]
[www.cpsgaya.edu.in/images/Holiday-Academic-Calander.pdf]
[www.cpsgaya.edu.in/images/School-Management-Committee-(SMC).pdf]
[www.cpsgaya.edu.in/images/Parents-Teachers-Association.pdf]
[www.cpsgaya.edu.in/mandatory-public-disclousre.html]
[www.cpsgaya.edu.in/managing-committee.html]
[www.cpsgaya.edu.in/images/director.png]
[www.cpsgaya.edu.in/director-message.html]
[www.cpsgaya.edu.in/images/director2.jpg]
[www.cpsgaya.edu.in/principals-message.html]
[www.cpsgaya.edu.in/admission-procedure.html]
[www.cpsgaya.edu.in/rules-regulation.html]
[www.cpsgaya.edu.in/admission-notice.html]
[www.cpsgaya.edu.in/images/Fee-Structure-1-nur-ukg.jpg]
[www.cpsgaya.edu.in/images/Fee-Structure-2-i-v.jpg]
[www.cpsgaya.edu.in/images/Fee-Structure-3-v-x.jpg]
[www.cpsgaya.edu.in/feeStructureNur.html]
[www.cpsgaya.edu.in/teacher-list.html]
[www.cpsgaya.edu.in/images/result/result-of-admission-test-session-2023-24-38.pdf]
[www.cpsgaya.edu.in/result.html]
[www.cpsgaya.edu.in/images/ram.png]
[www.cpsgaya.edu.in/images/krishna.png]
[www.cpsgaya.edu.in/images/durga.png]
[www.cpsgaya.edu.in/images/diwali.png]
[www.cpsgaya.edu.in/images/santa.png]
[www.cpsgaya.edu.in/images/saraswati.png]
[www.cpsgaya.edu.in/images/shiv.png]
[www.cpsgaya.edu.in/images/holi.png]
[www.cpsgaya.edu.in/holiday-calendar.html]
[www.cpsgaya.edu.in/academic-calendar.html]
[www.cpsgaya.edu.in/images/syllabus/syllabus-of-admission-test-for-class-i-2023-24-86.pdf]
[www.cpsgaya.edu.in/images/syllabus/syllabus-of-admission-test-for-class-ukg-2023-24-85.pdf]
[www.cpsgaya.edu.in/images/syllabus/syllabus-of-admission-test-for-class-lkg-2022-23-83.pdf]
[www.cpsgaya.edu.in/images/syllabus/syllabus-of-admission-test-for-class-ix-2021-22-82.pdf]
[www.cpsgaya.edu.in/images/syllabus/syllabus-of-admission-test-for-class-viii-2021-22-81.pdf]
[www.cpsgaya.edu.in/images/syllabus/syllabus-of-admission-test-for-class-vii-2021-22-80.pdf]
[www.cpsgaya.edu.in/images/syllabus/syllabus-of-admission-test-for-class-vi-2021-22-79.pdf]
[www.cpsgaya.edu.in/images/syllabus/syllabus-of-admission-test-for-class-v-2021-22-78.pdf]
[www.cpsgaya.edu.in/images/syllabus/syllabus-of-admission-test-for-class-iv-2021-22-77.pdf]
[www.cpsgaya.edu.in/images/syllabus/syllabus-of-admission-test-for-class-iii-2021-22-76.pdf]
[www.cpsgaya.edu.in/images/syllabus/syllabus-of-admission-test-for-class-ii-2021-22-75.pdf]
[www.cpsgaya.edu.in/syllabus.html]
[www.cpsgaya.edu.in/images/f1.jpg]
[www.cpsgaya.edu.in/library.html]
[www.cpsgaya.edu.in/images/f2.jpg]
[www.cpsgaya.edu.in/computer-lab.html]
[www.cpsgaya.edu.in/images/f3.jpg]
[www.cpsgaya.edu.in/smart-class.html]
[www.cpsgaya.edu.in/images/how-study-img1.jpg]
[www.cpsgaya.edu.in/images/how-study-img2.jpg]
[www.cpsgaya.edu.in/images/how-study-img3.jpg]
[www.cpsgaya.edu.in/laboratory.html]
[www.cpsgaya.edu.in/images/f6.jpg]
[www.cpsgaya.edu.in/transport.html]
[www.cpsgaya.edu.in/images/act1.jpg]
[www.cpsgaya.edu.in/images/activities-photo/22.jpg]
[www.cpsgaya.edu.in/images/activities-photo/21.jpg]
[www.cpsgaya.edu.in/art-craft.html]
[www.cpsgaya.edu.in/images/art2.jpg]
[www.cpsgaya.edu.in/cultural.html]
[www.cpsgaya.edu.in/images/art3.jpg]
[www.cpsgaya.edu.in/sports.html]
[www.cpsgaya.edu.in/gallery/annual-function-33.html]
[www.cpsgaya.edu.in/gallery/annual-function-34.html]
[www.cpsgaya.edu.in/gallery/annual-function-35.html]
[www.cpsgaya.edu.in/gallery/annual-function-36.html]
[www.cpsgaya.edu.in/gallery/annual-function-37.html]
[www.cpsgaya.edu.in/gallery/annual-function-38.html]
[www.cpsgaya.edu.in/gallery/annual-function-39.html]
[www.cpsgaya.edu.in/gallery/annual-function-40.html]
[www.cpsgaya.edu.in/gallery/annual-function-41.html]
[www.cpsgaya.edu.in/gallery-category.html]
[www.cpsgaya.edu.in/images/media/17.jpg]
[www.cpsgaya.edu.in/images/media/16.jpg]
[www.cpsgaya.edu.in/images/media/15.jpg]
[www.cpsgaya.edu.in/images/media/14.jpg]
[www.cpsgaya.edu.in/images/media/13.jpg]
[www.cpsgaya.edu.in/images/media/11.jpg]
[www.cpsgaya.edu.in/media-gallery.html]
[www.cpsgaya.edu.in/images/notice-and-notifications/examination-scheduled-2208.pdf]
[www.cpsgaya.edu.in/images/notice-and-notifications/examination-schedule-2209.pdf]
[www.cpsgaya.edu.in/images/notice-and-notifications/examination-schedule-2210.pdf]
[www.cpsgaya.edu.in/images/notice-and-notifications/examination-schedule-2211.pdf]
[www.cpsgaya.edu.in/notice-and-notifications.html]
[www.cpsgaya.edu.in/upcoming-events.html]
[www.cpsgaya.edu.in/fonts/texgyreadventor-bold-webfont.html]
[www.cpsgaya.edu.in/fonts/texgyreadventor-regular-webfont.html]
[www.cpsgaya.edu.in/fonts/glyphicons-halflings-regular.html]
[www.cpsgaya.edu.in/fonts/glyphicons-halflings-regular-2.html]
[www.cpsgaya.edu.in/fonts/glyphicons-halflings-regular-3.html]
[www.cpsgaya.edu.in/fonts/fontawesome-webfont3e6e.html]
[www.cpsgaya.edu.in/fonts/fontawesome-webfont3e6e-2.html]
[www.cpsgaya.edu.in/fonts/icomoon9b2d.html]
[www.cpsgaya.edu.in/css/owl.video.play.html]
[www.cpsgaya.edu.in/WebResource7537.js]
[www.cpsgaya.edu.in/WebResourcec5c0.js]
[www.cpsgaya.edu.in/ScriptResourcedabc.js]
[www.cpsgaya.edu.in/ScriptResourcea4c7.js]
[www.cpsgaya.edu.in/gallery/annual-function-33.html]
[www.cpsgaya.edu.in/gallery/annual-function-34.html]
[www.cpsgaya.edu.in/gallery/annual-function-35.html]
[www.cpsgaya.edu.in/gallery/annual-function-36.html]
[www.cpsgaya.edu.in/gallery/annual-function-37.html]
[www.cpsgaya.edu.in/gallery/annual-function-38.html]
[www.cpsgaya.edu.in/gallery/annual-function-39.html]
[www.cpsgaya.edu.in/gallery/annual-function-40.html]
[www.cpsgaya.edu.in/gallery/annual-function-41.html]
[www.cpsgaya.edu.in/images/comment-img1.html]
[www.cpsgaya.edu.in/POST.html]
[www.cpsgaya.edu.in/Firefox/index.html]
[www.cpsgaya.edu.in/AppleWebKit/index.html]
[www.cpsgaya.edu.in/Opera/index.html]
[www.cpsgaya.edu.in/MicrosoftAjaxWebForms.html]
[www.cpsgaya.edu.in/MicrosoftAjaxSerialization.html]
[www.cpsgaya.edu.in/MicrosoftAjaxNetwork.html]
[www.cpsgaya.edu.in/gallery/images/logo3.html]
